// Jest Snapshot v1, https://goo.gl/fbAQLP

exports[`Root should render successfully 1`] = `
<body>
  <div>
    <div
      class="root"
    />
  </div>
</body>
`;
